
> poc@0.1.0 templates:previews
> tsx scripts/generate-professional-previews.ts

standard-pack-environmental: 9 A4 pages
standard-pack-ethics: 7 A4 pages
standard-pack-living-wage: 7 A4 pages
standard-pack-labour-human-rights: 8 A4 pages
standard-pack-sustainable-procurement: 7 A4 pages
standard-pack-short: 5 A4 pages
standard-pack-dense: 13 A4 pages
executive-brief-environmental: 11 A4 pages
executive-brief-ethics: 8 A4 pages
executive-brief-living-wage: 8 A4 pages
executive-brief-labour-human-rights: 9 A4 pages
executive-brief-sustainable-procurement: 9 A4 pages
executive-brief-short: 6 A4 pages
executive-brief-dense: 16 A4 pages
controlled-manual-environmental: 11 A4 pages
controlled-manual-ethics: 9 A4 pages
controlled-manual-living-wage: 9 A4 pages
controlled-manual-labour-human-rights: 9 A4 pages
controlled-manual-sustainable-procurement: 9 A4 pages
controlled-manual-short: 6 A4 pages
controlled-manual-dense: 16 A4 pages
governance-register-environmental: 9 A4 pages
governance-register-ethics: 7 A4 pages
governance-register-living-wage: 7 A4 pages
governance-register-labour-human-rights: 7 A4 pages
governance-register-sustainable-procurement: 7 A4 pages
governance-register-short: 5 A4 pages
governance-register-dense: 12 A4 pages
operations-guide-environmental: 9 A4 pages
operations-guide-ethics: 7 A4 pages
operations-guide-living-wage: 8 A4 pages
operations-guide-labour-human-rights: 8 A4 pages
operations-guide-sustainable-procurement: 8 A4 pages
operations-guide-short: 6 A4 pages
operations-guide-dense: 13 A4 pages
sustainability-charter-environmental: 10 A4 pages
sustainability-charter-ethics: 8 A4 pages
sustainability-charter-living-wage: 8 A4 pages
sustainability-charter-labour-human-rights: 8 A4 pages
sustainability-charter-sustainable-procurement: 8 A4 pages
sustainability-charter-short: 6 A4 pages
sustainability-charter-dense: 14 A4 pages
people-charter-environmental: 10 A4 pages
people-charter-ethics: 8 A4 pages
people-charter-living-wage: 8 A4 pages
people-charter-labour-human-rights: 8 A4 pages
people-charter-sustainable-procurement: 8 A4 pages
people-charter-short: 6 A4 pages
people-charter-dense: 14 A4 pages
metrics-ledger-environmental: 9 A4 pages
metrics-ledger-ethics: 7 A4 pages
metrics-ledger-living-wage: 8 A4 pages
metrics-ledger-labour-human-rights: 8 A4 pages
metrics-ledger-sustainable-procurement: 8 A4 pages
metrics-ledger-short: 6 A4 pages
metrics-ledger-dense: 13 A4 pages
Preview assets for 8 canonical templates: D:\Policy PoC\src\public\template-previews
QA exports: D:\Policy PoC\src\.theme-qa\templates
