standard-pack-living-wage
standard-pack-ethics
standard-pack-environmental
executive-brief-environmental
standard-pack-labour-human-rights
standard-pack-sustainable-procurement
executive-brief-ethics
executive-brief-living-wage
executive-brief-labour-human-rights
executive-brief-sustainable-procurement
controlled-manual-ethics
controlled-manual-environmental
controlled-manual-living-wage
controlled-manual-sustainable-procurement
controlled-manual-labour-human-rights
governance-register-environmental
governance-register-ethics
governance-register-living-wage
governance-register-labour-human-rights
operations-guide-environmental
governance-register-sustainable-procurement
operations-guide-ethics
operations-guide-labour-human-rights
operations-guide-living-wage
operations-guide-sustainable-procurement
sustainability-charter-ethics
sustainability-charter-living-wage
sustainability-charter-environmental
sustainability-charter-sustainable-procurement
people-charter-environmental
sustainability-charter-labour-human-rights
people-charter-ethics
people-charter-living-wage
people-charter-labour-human-rights
metrics-ledger-environmental
metrics-ledger-ethics
people-charter-sustainable-procurement
metrics-ledger-living-wage
metrics-ledger-labour-human-rights
metrics-ledger-sustainable-procurement
All 40 gallery samples refreshed.
